============================================================
  Generated by:           Genus(TM) Synthesis Solution 17.14-s037_1
  Generated on:           Sep 21 2026  05:21:01 pm
  Module:                 mac_array
  Operating conditions:   _nominal_ (balanced_tree)
  Wireload mode:          enclosed
  Area mode:              timing library
============================================================


Summary
-------
-----------------------------------------------------------------------
            Category            Number   %   Average Toggle Saving %   
-----------------------------------------------------------------------
 RC Clock Gating Instances          17  100            51.92           
 Non-RC Clock Gating Instances       0    0            0.00            
-----------------------------------------------------------------------
 RC Gated Flip-flops              4096   24            51.02           
 Non-RC Gated Flip-flops             0    0            0.00            
-----------------------------------------------------------------------
 Total Ungated Flip-flops        12958   76              -             
 Enable not found                12958  100              -             
-----------------------------------------------------------------------
 Total Flip-flops                17054  100              -             
-----------------------------------------------------------------------

