============================================================
  Generated by:           Genus(TM) Synthesis Solution 17.14-s037_1
  Generated on:           Sep 21 2026  05:20:51 pm
  Module:                 mac_array
  Operating conditions:   _nominal_ (balanced_tree)
  Wireload mode:          enclosed
  Area mode:              timing library
============================================================

                                   Leakage     Dynamic       Total    
          Instance          Cells Power(nW)   Power(nW)    Power(nW)  
----------------------------------------------------------------------
mac_array                   60607 17455.808 52434381.686 52451837.494 
  CG__RC_CG_..IER_INST34459     1     0.334   259000.988   259001.322 
  CG__RC_CG_..IER_INST34465     1     0.334    16995.939    16996.272 
  CG__RC_CG_..IER_INST34474     1     0.333    16954.777    16955.111 
  CG__RC_CG_..IER_INST34472     1     0.333    17173.228    17173.562 
  CG__RC_CG_..IER_INST34471     1     0.333    16913.294    16913.627 
  CG__RC_CG_..IER_INST34467     1     0.333    16955.783    16956.116 
  CG__RC_CG_..IER_INST34468     1     0.333    16653.389    16653.722 
  CG__RC_CG_..IER_INST34469     1     0.333    16653.389    16653.722 
  CG__RC_CG_..IER_INST34473     1     0.333    16739.892    16740.226 
  CG__RC_CG_..ONE_HIER_INST     1     0.333    16398.088    16398.421 
  CG__RC_CG_..IER_INST34460     1     0.333    16397.590    16397.923 
  CG__RC_CG_..IER_INST34461     1     0.333    16397.590    16397.923 
  CG__RC_CG_..IER_INST34463     1     0.333    16570.704    16571.037 
  CG__RC_CG_..IER_INST34464     1     0.333    16745.753    16746.086 
  CG__RC_CG_..IER_INST34466     1     0.333    16745.753    16746.086 
  CG__RC_CG_..IER_INST34462     1     0.333    16265.474    16265.807 
  CG__RC_CG_..IER_INST34470     1     0.333    16137.510    16137.843 

