============================================================
  Generated by:           Genus(TM) Synthesis Solution 17.14-s037_1
  Generated on:           Sep 21 2026  05:20:58 pm
  Module:                 mac_array
  Operating conditions:   _nominal_ (balanced_tree)
  Wireload mode:          enclosed
  Area mode:              timing library
============================================================

                                                
           Gate            Instances    Area            Library        
-----------------------------------------------------------------------
SAEDRVT14_ADDF_V1_1            11920  12172.704    saed14rvt_tt0p8v25c 
SAEDRVT14_ADDH_0P5              1264    841.824    saed14rvt_tt0p8v25c 
SAEDRVT14_AN2_1                   16      4.973    saed14rvt_tt0p8v25c 
SAEDRVT14_AO21B_0P5              528    187.546    saed14rvt_tt0p8v25c 
SAEDRVT14_AO21_1                 256     90.931    saed14rvt_tt0p8v25c 
SAEDRVT14_AOI21_0P75             768    204.595    saed14rvt_tt0p8v25c 
SAEDRVT14_CKGTPLT_V5_1            17     13.586    saed14rvt_tt0p8v25c 
SAEDRVT14_EN3_1                  240    202.464    saed14rvt_tt0p8v25c 
SAEDRVT14_EO2_V1_0P75            384    170.496    saed14rvt_tt0p8v25c 
SAEDRVT14_FDPRBQ_V2LP_0P5          1      1.066    saed14rvt_tt0p8v25c 
SAEDRVT14_FDPRBQ_V2LP_1         4169   4442.486    saed14rvt_tt0p8v25c 
SAEDRVT14_FDPRBQ_V2_0P5          493    525.341    saed14rvt_tt0p8v25c 
SAEDRVT14_FDPRBQ_V2_1          12391  13203.850    saed14rvt_tt0p8v25c 
SAEDRVT14_INV_0P5               1167    207.259    saed14rvt_tt0p8v25c 
SAEDRVT14_INV_0P75               271     48.130    saed14rvt_tt0p8v25c 
SAEDRVT14_INV_1                 1777    315.595    saed14rvt_tt0p8v25c 
SAEDRVT14_INV_1P5               2593    460.517    saed14rvt_tt0p8v25c 
SAEDRVT14_INV_PS_1               256     45.466    saed14rvt_tt0p8v25c 
SAEDRVT14_INV_S_0P75             304     53.990    saed14rvt_tt0p8v25c 
SAEDRVT14_MUX2_MM_0P5            225     99.900    saed14rvt_tt0p8v25c 
SAEDRVT14_MUX2_U_0P5              32     14.208    saed14rvt_tt0p8v25c 
SAEDRVT14_MUXI2_U_0P5           8477   3387.409    saed14rvt_tt0p8v25c 
SAEDRVT14_ND2_CDC_0P5           1024    227.328    saed14rvt_tt0p8v25c 
SAEDRVT14_NR2_1                   76     16.872    saed14rvt_tt0p8v25c 
SAEDRVT14_NR2_MM_0P5             783    173.826    saed14rvt_tt0p8v25c 
SAEDRVT14_NR2_MM_1              1365    303.030    saed14rvt_tt0p8v25c 
SAEDRVT14_OA21_1                 960    340.992    saed14rvt_tt0p8v25c 
SAEDRVT14_OA2BB2_V1_1             15      6.660    saed14rvt_tt0p8v25c 
SAEDRVT14_OAI21_0P5              496    132.134    saed14rvt_tt0p8v25c 
SAEDRVT14_OAI22_0P5              450    139.860    saed14rvt_tt0p8v25c 
SAEDRVT14_OAI22_0P75            2813    874.280    saed14rvt_tt0p8v25c 
SAEDRVT14_OAI22_1               4820   1498.056    saed14rvt_tt0p8v25c 
SAEDRVT14_OR2_1                  256     79.565    saed14rvt_tt0p8v25c 
-----------------------------------------------------------------------
total                          60607  40486.939                        


                                                        
            Type             Instances    Area   Area % 
--------------------------------------------------------
sequential                       17054 18172.742   44.9 
inverter                          6368  1130.957    2.8 
clock_gating_integrated_cell        17    13.586    0.0 
logic                            37168 21169.654   52.3 
physical_cells                       0     0.000    0.0 
--------------------------------------------------------
total                            60607 40486.939  100.0 

