============================================================
  Generated by:           Genus(TM) Synthesis Solution 17.14-s037_1
  Generated on:           Sep 21 2026  05:20:58 pm
  Module:                 mac_array
  Operating conditions:   _nominal_ (balanced_tree)
  Wireload mode:          enclosed
  Area mode:              timing library
============================================================

Timing
--------

Clock Period 
-------------
clk   1000.0 


        Cost          Critical         Violating 
       Group         Path Slack  TNS     Paths   
-------------------------------------------------
cg_enable_group_clk       640.3   0.0          0 
clk                       299.3   0.0          0 
default                No paths   0.0            
-------------------------------------------------
Total                             0.0          0 

Instance Count
--------------
Leaf Instance Count             60607 
Physical Instance count             0 
Sequential Instance Count       17071 
Combinational Instance Count    43536 
Hierarchical Instance Count        17 

Area
----
Cell Area                          40486.939
Physical Cell Area                 0.000
Total Cell Area (Cell+Physical)    40486.939
Net Area                           0.000
Total Area (Cell+Physical+Net)     40486.939

Max Fanout                         12975 (clk)
Min Fanout                         0 (rst_n)
Average Fanout                     2.1
Terms to net ratio                 3.3188
Terms to instance ratio            4.0560
Runtime                            633.176414 seconds
Elapsed Runtime                    556 seconds
Genus peak memory usage            1395.61 
Innovus peak memory usage          no_value 
Hostname                           auto.ece.pdx.edu
